// Jest Snapshot v1, https://goo.gl/fbAQLP

exports[`<ErrorDisplay /> renders 1`] = `
<div
  className="Error"
>
  <p>
    Oops! 
    Error!
  </p>
</div>
`;
